[6n[m]0;C:\Windows\system32\cmd.exe[?25h[33m[43m[[30mWARN[33m][m The "pnpm" field in package.json is no longer read by pnpm. The following keys were ignored: "pnpm.onlyBuiltDependencies". See https://pnpm.io/settings for the new home of each setting.
[33m[43m[[30mWARN[33m][m The "pnpm" field in package.json is no longer read by pnpm. The following keys were ignored: "pnpm.onlyBuiltDependencies". See https://pnpm.io/settings for the new home of each setting.
[?25lScope: all 6 workspace projects[K
[K
[K
[K
[K
[K
[K
[K
[K
[K
[K
[K
[K
[K
[K
[K
[K
[K
[K
[K
[K
[K[8;1H[?25h[?25l[7;1HScope: all 6 workspace projects[K[36m
? [mVerifying lockfile against supply-chain policies (1350 entries)...[K
[K
[K
[K
[K
[K
[K
[K
[K
[K
[K
[K
[K
[K
[K
[K
[K
[K
[K
[K
[K[9;1H[?25h[?25l[7;1HScope: all 6 workspace projects[K[32m
✓ [mLockfile passes supply-chain policies (1350 entries in 7.4s)[K
[K
[K
[K
[K
[K
[K
[K
[K
[K
[K
[K
[K
[K
[K
[K
[K
[K
[K
[K
[K[9;1H[?25h[?25l[7;1HScope: all 6 workspace projects[K[32m
✓ [mLockfile passes supply-chain policies (1350 entries in 7.4s)[K[31m[41m
[[30mERR_PNPM_IGNORED_BUILDS[31m][m [31mIgnored build scripts: esbuild@0.21.5, esbuild@0.25.6, sharp@0.33.5[K[m
[K
Run "pnpm approve-builds" to pick which dependencies should be allowed to run scripts.      
[K
[K
[K
[K
[K
[K
[K
[K
[K
[K
[K
[K
[K
[K
[K
[K[13;1H[?25h[31m[41m[[30mERROR[31m][m [31mCommand failed with exit code 1: "C:\Program Files\nodejs\node.exe" "C:\Users\sngalamou\AppData\Local\pnpm\store\v11\links\@\pnpm\11.9.0\92bb10372f62db71cbc98af38930d00b053c41d2580dc6358198bb66fe9b65f4\node_modules\pnpm\bin\pnpm.mjs" install[K[m
[K
pnpm: Command failed with exit code 1: "C:\Program Files\nodejs\node.exe" "C:\Users\sngalamou\AppData\Local\pnpm\store\v11\links\@\pnpm\11.9.0\92bb10372f62db71cbc98af38930d00b053c41d2580dc6358198bb66fe9b65f4\node_modules\pnpm\bin\pnpm.mjs" install[K
    at getFinalError (file:///C:/Users/sngalamou/AppData/Local/pnpm/store/v11/links/@/pnpm/11.9.0/92bb10372f62db71cbc98af38930d00b053c41d2580dc6358198bb66fe9b65f4/node_modules/pnpm/dist/pnpm.mjs:34291:14)[K
    at makeError (file:///C:/Users/sngalamou/AppData/Local/pnpm/store/v11/links/@/pnpm/11.9.0/92bb10372f62db71cbc98af38930d00b053c41d2580dc6358198bb66fe9b65f4/node_modules/pnpm/dist/pnpm.mjs:36598:21)[K
    at getSyncResult (file:///C:/Users/sngalamou/AppData/Local/pnpm/store/v11/links/@/pnpm/11.9.0/92bb10372f62db71cbc98af38930d00b053c41d2580dc6358198bb66fe9b65f4/node_modules/pnpm/dist/pnpm.mjs:38442:10)[K
    at spawnSubprocessSync (file:///C:/Users/sngalamou/AppData/Local/pnpm/store/v11/links/@/
[27;92H/pnpm/11.9.0/92bb10372f62db71cbc98af38930d00b053c41d2580dc6358198bb66fe9b65f4/node_modules/pn
[27;92Hnpm/dist/pnpm.mjs:38402:14)
    at execaCoreSync (file:///C:/Users/sngalamou/AppData/Local/pnpm/store/v11/links/@/pnpm/1
[27;92H11.9.0/92bb10372f62db71cbc98af38930d00b053c41d2580dc6358198bb66fe9b65f4/node_modules/pnpm/dis
[27;92Hst/pnpm.mjs:38332:23)
    at callBoundExeca (file:///C:/Users/sngalamou/AppData/Local/pnpm/store/v11/links/@/pnpm/
[27;92H/11.9.0/92bb10372f62db71cbc98af38930d00b053c41d2580dc6358198bb66fe9b65f4/node_modules/pnpm/di
[27;92Hist/pnpm.mjs:40860:23)
    at boundExeca (file:///C:/Users/sngalamou/AppData/Local/pnpm/store/v11/links/@/pnpm/11.9
[27;92H9.0/92bb10372f62db71cbc98af38930d00b053c41d2580dc6358198bb66fe9b65f4/node_modules/pnpm/dist/p
[27;92Hpnpm.mjs:40837:49)
    at sync (file:///C:/Users/sngalamou/AppData/Local/pnpm/store/v11/links/@/pnpm/11.9.0/92b
[27;92Hbb10372f62db71cbc98af38930d00b053c41d2580dc6358198bb66fe9b65f4/node_modules/pnpm/dist/pnpm.mj
[27;92Hjs:40996:10)
    at runPnpmCli (file:///C:/Users/sngalamou/AppData/Local/pnpm/store/v11/links/@/pnpm/11.9
[27;92H9.0/92bb10372f62db71cbc98af38930d00b053c41d2580dc6358198bb66fe9b65f4/node_modules/pnpm/dist/p
[27;92Hpnpm.mjs:247126:5)
    at runDepsStatusCheck (file:///C:/Users/sngalamou/AppData/Local/pnpm/store/v11/links/@/p
[27;92Hpnpm/11.9.0/92bb10372f62db71cbc98af38930d00b053c41d2580dc6358198bb66fe9b65f4/node_modules/pnp
[27;92Hpm/dist/pnpm.mjs:248869:7)
